[    4778ms] [WARNING] GSAP target  not found. https://gsap.com @ https://cdn.prod.website-files.com/gsap/3.15.0/gsap.min.js:9
[    4778ms] [WARNING] GSAP target  not found. https://gsap.com @ https://cdn.prod.website-files.com/gsap/3.15.0/gsap.min.js:9
[    4779ms] [WARNING] GSAP target  not found. https://gsap.com @ https://cdn.prod.website-files.com/gsap/3.15.0/gsap.min.js:9
[    4786ms] [WARNING] GSAP target  not found. https://gsap.com @ https://cdn.prod.website-files.com/gsap/3.15.0/gsap.min.js:9
[    4786ms] [WARNING] GSAP target  not found. https://gsap.com @ https://cdn.prod.website-files.com/gsap/3.15.0/gsap.min.js:9
[    4789ms] [WARNING] GSAP target  not found. https://gsap.com @ https://cdn.prod.website-files.com/gsap/3.15.0/gsap.min.js:9
[    4789ms] [WARNING] GSAP target  not found. https://gsap.com @ https://cdn.prod.website-files.com/gsap/3.15.0/gsap.min.js:9
[    4796ms] [WARNING] GSAP target  not found. https://gsap.com @ https://cdn.prod.website-files.com/gsap/3.15.0/gsap.min.js:9
[    4796ms] [WARNING] GSAP target  not found. https://gsap.com @ https://cdn.prod.website-files.com/gsap/3.15.0/gsap.min.js:9
[    4796ms] [WARNING] GSAP target  not found. https://gsap.com @ https://cdn.prod.website-files.com/gsap/3.15.0/gsap.min.js:9
[    5995ms] [ERROR] Error in trigger execution: TypeError: Cannot read properties of undefined (reading 'forEach')
    at h.runTrigger (https://cdn.prod.website-files.com/684c931b23f5e66868c268c1/js/684c931b23f5e66868c268b7.t3-45d40faaa9f9b5f46121c3fc68.d2015d9e.135d409ce2ac132c.js:1:225816)
    at a (https://cdn.prod.website-files.com/684c931b23f5e66868c268c1/js/684c931b23f5e66868c268b7.t3-45d40faaa9f9b5f46121c3fc68.d2015d9e.135d409ce2ac132c.js:1:241941)
    at https://cdn.prod.website-files.com/684c931b23f5e66868c268c1/js/684c931b23f5e66868c268b7.t3-45d40faaa9f9b5f46121c3fc68.d2015d9e.135d409ce2ac132c.js:1:242042
    at s (https://cdn.prod.website-files.com/684c931b23f5e66868c268c1/js/684c931b23f5e66868c268b7.t3-45d40faaa9f9b5f46121c3fc68.d2015d9e.135d409ce2ac132c.js:1:170550)
    at https://cdn.prod.website-files.com/684c931b23f5e66868c268c1/js/684c931b23f5e66868c268b7.t3-45d40faaa9f9b5f46121c3fc68.d2015d9e.135d409ce2ac132c.js:1:170794
    at HTMLElement.i (https://cdn.prod.website-files.com/684c931b23f5e66868c268c1/js/684c931b23f5e66868c268b7.t3-45d40faaa9f9b5f46121c3fc68.d2015d9e.135d409ce2ac132c.js:1:208293) @ https://cdn.prod.website-files.com/684c931b23f5e66868c268c1/js/684c931b23f5e66868c268b7.t3-45d40faaa9f9b5f46121c3fc68.d2015d9e.135d409ce2ac132c.js:0
[    8694ms] [ERROR] Error in trigger execution: TypeError: Cannot read properties of undefined (reading 'forEach')
    at h.runTrigger (https://cdn.prod.website-files.com/684c931b23f5e66868c268c1/js/684c931b23f5e66868c268b7.t3-45d40faaa9f9b5f46121c3fc68.d2015d9e.135d409ce2ac132c.js:1:225816)
    at a (https://cdn.prod.website-files.com/684c931b23f5e66868c268c1/js/684c931b23f5e66868c268b7.t3-45d40faaa9f9b5f46121c3fc68.d2015d9e.135d409ce2ac132c.js:1:241941)
    at https://cdn.prod.website-files.com/684c931b23f5e66868c268c1/js/684c931b23f5e66868c268b7.t3-45d40faaa9f9b5f46121c3fc68.d2015d9e.135d409ce2ac132c.js:1:242042
    at s (https://cdn.prod.website-files.com/684c931b23f5e66868c268c1/js/684c931b23f5e66868c268b7.t3-45d40faaa9f9b5f46121c3fc68.d2015d9e.135d409ce2ac132c.js:1:170550)
    at https://cdn.prod.website-files.com/684c931b23f5e66868c268c1/js/684c931b23f5e66868c268b7.t3-45d40faaa9f9b5f46121c3fc68.d2015d9e.135d409ce2ac132c.js:1:170794
    at HTMLElement.i (https://cdn.prod.website-files.com/684c931b23f5e66868c268c1/js/684c931b23f5e66868c268b7.t3-45d40faaa9f9b5f46121c3fc68.d2015d9e.135d409ce2ac132c.js:1:208293) @ https://cdn.prod.website-files.com/684c931b23f5e66868c268c1/js/684c931b23f5e66868c268b7.t3-45d40faaa9f9b5f46121c3fc68.d2015d9e.135d409ce2ac132c.js:0
[   24994ms] [ERROR] Error in trigger execution: TypeError: Cannot read properties of undefined (reading 'forEach')
    at h.runTrigger (https://cdn.prod.website-files.com/684c931b23f5e66868c268c1/js/684c931b23f5e66868c268b7.t3-45d40faaa9f9b5f46121c3fc68.d2015d9e.135d409ce2ac132c.js:1:225816)
    at a (https://cdn.prod.website-files.com/684c931b23f5e66868c268c1/js/684c931b23f5e66868c268b7.t3-45d40faaa9f9b5f46121c3fc68.d2015d9e.135d409ce2ac132c.js:1:241941)
    at https://cdn.prod.website-files.com/684c931b23f5e66868c268c1/js/684c931b23f5e66868c268b7.t3-45d40faaa9f9b5f46121c3fc68.d2015d9e.135d409ce2ac132c.js:1:242042
    at s (https://cdn.prod.website-files.com/684c931b23f5e66868c268c1/js/684c931b23f5e66868c268b7.t3-45d40faaa9f9b5f46121c3fc68.d2015d9e.135d409ce2ac132c.js:1:170550)
    at https://cdn.prod.website-files.com/684c931b23f5e66868c268c1/js/684c931b23f5e66868c268b7.t3-45d40faaa9f9b5f46121c3fc68.d2015d9e.135d409ce2ac132c.js:1:170794
    at HTMLElement.i (https://cdn.prod.website-files.com/684c931b23f5e66868c268c1/js/684c931b23f5e66868c268b7.t3-45d40faaa9f9b5f46121c3fc68.d2015d9e.135d409ce2ac132c.js:1:208293) @ https://cdn.prod.website-files.com/684c931b23f5e66868c268c1/js/684c931b23f5e66868c268b7.t3-45d40faaa9f9b5f46121c3fc68.d2015d9e.135d409ce2ac132c.js:0
[  132187ms] [ERROR] Error in trigger execution: TypeError: Cannot read properties of undefined (reading 'forEach')
    at h.runTrigger (https://cdn.prod.website-files.com/684c931b23f5e66868c268c1/js/684c931b23f5e66868c268b7.t3-45d40faaa9f9b5f46121c3fc68.d2015d9e.135d409ce2ac132c.js:1:225816)
    at a (https://cdn.prod.website-files.com/684c931b23f5e66868c268c1/js/684c931b23f5e66868c268b7.t3-45d40faaa9f9b5f46121c3fc68.d2015d9e.135d409ce2ac132c.js:1:241941)
    at https://cdn.prod.website-files.com/684c931b23f5e66868c268c1/js/684c931b23f5e66868c268b7.t3-45d40faaa9f9b5f46121c3fc68.d2015d9e.135d409ce2ac132c.js:1:242042
    at s (https://cdn.prod.website-files.com/684c931b23f5e66868c268c1/js/684c931b23f5e66868c268b7.t3-45d40faaa9f9b5f46121c3fc68.d2015d9e.135d409ce2ac132c.js:1:170550)
    at https://cdn.prod.website-files.com/684c931b23f5e66868c268c1/js/684c931b23f5e66868c268b7.t3-45d40faaa9f9b5f46121c3fc68.d2015d9e.135d409ce2ac132c.js:1:170794
    at HTMLElement.i (https://cdn.prod.website-files.com/684c931b23f5e66868c268c1/js/684c931b23f5e66868c268b7.t3-45d40faaa9f9b5f46121c3fc68.d2015d9e.135d409ce2ac132c.js:1:208293) @ https://cdn.prod.website-files.com/684c931b23f5e66868c268c1/js/684c931b23f5e66868c268b7.t3-45d40faaa9f9b5f46121c3fc68.d2015d9e.135d409ce2ac132c.js:0
[  133073ms] [ERROR] Error in trigger execution: TypeError: Cannot read properties of undefined (reading 'forEach')
    at h.runTrigger (https://cdn.prod.website-files.com/684c931b23f5e66868c268c1/js/684c931b23f5e66868c268b7.t3-45d40faaa9f9b5f46121c3fc68.d2015d9e.135d409ce2ac132c.js:1:225816)
    at a (https://cdn.prod.website-files.com/684c931b23f5e66868c268c1/js/684c931b23f5e66868c268b7.t3-45d40faaa9f9b5f46121c3fc68.d2015d9e.135d409ce2ac132c.js:1:241941)
    at https://cdn.prod.website-files.com/684c931b23f5e66868c268c1/js/684c931b23f5e66868c268b7.t3-45d40faaa9f9b5f46121c3fc68.d2015d9e.135d409ce2ac132c.js:1:242042
    at s (https://cdn.prod.website-files.com/684c931b23f5e66868c268c1/js/684c931b23f5e66868c268b7.t3-45d40faaa9f9b5f46121c3fc68.d2015d9e.135d409ce2ac132c.js:1:170550)
    at https://cdn.prod.website-files.com/684c931b23f5e66868c268c1/js/684c931b23f5e66868c268b7.t3-45d40faaa9f9b5f46121c3fc68.d2015d9e.135d409ce2ac132c.js:1:170794
    at HTMLElement.i (https://cdn.prod.website-files.com/684c931b23f5e66868c268c1/js/684c931b23f5e66868c268b7.t3-45d40faaa9f9b5f46121c3fc68.d2015d9e.135d409ce2ac132c.js:1:208293) @ https://cdn.prod.website-files.com/684c931b23f5e66868c268c1/js/684c931b23f5e66868c268b7.t3-45d40faaa9f9b5f46121c3fc68.d2015d9e.135d409ce2ac132c.js:0
[  207199ms] [ERROR] Error in trigger execution: TypeError: Cannot read properties of undefined (reading 'forEach')
    at h.runTrigger (https://cdn.prod.website-files.com/684c931b23f5e66868c268c1/js/684c931b23f5e66868c268b7.t3-45d40faaa9f9b5f46121c3fc68.d2015d9e.135d409ce2ac132c.js:1:225816)
    at a (https://cdn.prod.website-files.com/684c931b23f5e66868c268c1/js/684c931b23f5e66868c268b7.t3-45d40faaa9f9b5f46121c3fc68.d2015d9e.135d409ce2ac132c.js:1:241941)
    at https://cdn.prod.website-files.com/684c931b23f5e66868c268c1/js/684c931b23f5e66868c268b7.t3-45d40faaa9f9b5f46121c3fc68.d2015d9e.135d409ce2ac132c.js:1:242042
    at s (https://cdn.prod.website-files.com/684c931b23f5e66868c268c1/js/684c931b23f5e66868c268b7.t3-45d40faaa9f9b5f46121c3fc68.d2015d9e.135d409ce2ac132c.js:1:170550)
    at https://cdn.prod.website-files.com/684c931b23f5e66868c268c1/js/684c931b23f5e66868c268b7.t3-45d40faaa9f9b5f46121c3fc68.d2015d9e.135d409ce2ac132c.js:1:170794
    at HTMLElement.i (https://cdn.prod.website-files.com/684c931b23f5e66868c268c1/js/684c931b23f5e66868c268b7.t3-45d40faaa9f9b5f46121c3fc68.d2015d9e.135d409ce2ac132c.js:1:208293) @ https://cdn.prod.website-files.com/684c931b23f5e66868c268c1/js/684c931b23f5e66868c268b7.t3-45d40faaa9f9b5f46121c3fc68.d2015d9e.135d409ce2ac132c.js:0
