[    1482ms] [ERROR] Error with Permissions-Policy header: Parse of permissions policy failed because of errors reported by structured header parser. @ :0
[    1926ms] [LOG] JQMIGRATE: Migrate is installed, version 3.4.1 @ https://www.niagarapowertransformer.com/wp-includes/js/jquery/jquery-migrate.min.js?ver=3.4.1:1
[    2230ms] [WARNING] jQuery.Deferred exception: Cannot read properties of undefined (reading 'id') TypeError: Cannot read properties of undefined (reading 'id')
    at e.value (https://www.niagarapowertransformer.com/wp-content/themes/niagara-power-transformer/assets/scripts/scripts.js?ver=1724250487:9:19340)
    at e.value (https://www.niagarapowertransformer.com/wp-content/themes/niagara-power-transformer/assets/scripts/scripts.js?ver=1724250487:9:19277)
    at e.t (https://www.niagarapowertransformer.com/wp-content/themes/niagara-power-transformer/assets/scripts/scripts.js?ver=1724250487:1:12699)
    at new e (https://www.niagarapowertransformer.com/wp-content/themes/niagara-power-transformer/assets/scripts/scripts.js?ver=1724250487:9:19088)
    at HTMLDocument.<anonymous> (https://www.niagarapowertransformer.com/wp-content/themes/niagara-power-transformer/assets/scripts/custom.js?ver=1733166261:663:5)
    at e (https://www.niagarapowertransformer.com/wp-includes/js/jquery/jquery.min.js?ver=3.7.1:2:27028)
    at t (https://www.niagarapowertransformer.com/wp-includes/js/jquery/jquery.min.js?ver=3.7.1:2:27330) undefined @ https://www.niagarapowertransformer.com/wp-includes/js/jquery/jquery.min.js?ver=3.7.1:1
[    2248ms] TypeError: Cannot read properties of undefined (reading 'id')
    at e.value (https://www.niagarapowertransformer.com/wp-content/themes/niagara-power-transformer/assets/scripts/scripts.js?ver=1724250487:9:19340)
    at e.value (https://www.niagarapowertransformer.com/wp-content/themes/niagara-power-transformer/assets/scripts/scripts.js?ver=1724250487:9:19277)
    at e.t (https://www.niagarapowertransformer.com/wp-content/themes/niagara-power-transformer/assets/scripts/scripts.js?ver=1724250487:1:12699)
    at new e (https://www.niagarapowertransformer.com/wp-content/themes/niagara-power-transformer/assets/scripts/scripts.js?ver=1724250487:9:19088)
    at HTMLDocument.<anonymous> (https://www.niagarapowertransformer.com/wp-content/themes/niagara-power-transformer/assets/scripts/custom.js?ver=1733166261:663:5)
    at e (https://www.niagarapowertransformer.com/wp-includes/js/jquery/jquery.min.js?ver=3.7.1:2:27028)
    at t (https://www.niagarapowertransformer.com/wp-includes/js/jquery/jquery.min.js?ver=3.7.1:2:27330)
[    3104ms] [LOG] opt-out @ https://www.niagarapowertransformer.com/wp-content/plugins/complianz-gdpr-premium/cookiebanner/js/complianz.min.js?ver=1778611931:0
[   10480ms] [WARNING] The resource https://www.niagarapowertransformer.com/wp-content/plugins/monarch/core/admin/fonts/modules.ttf was preloaded using link preload but not used within a few seconds from the window's load event. Please make sure it has an appropriate `as` value and it is preloaded intentionally. @ https://www.niagarapowertransformer.com/:0
[   33579ms] [WARNING] The resource https://www.niagarapowertransformer.com/wp-content/plugins/monarch/core/admin/fonts/modules.ttf was preloaded using link preload but not used within a few seconds from the window's load event. Please make sure it has an appropriate `as` value and it is preloaded intentionally. @ https://www.niagarapowertransformer.com/:0
[   49531ms] [WARNING] The resource https://www.niagarapowertransformer.com/wp-content/plugins/monarch/core/admin/fonts/modules.ttf was preloaded using link preload but not used within a few seconds from the window's load event. Please make sure it has an appropriate `as` value and it is preloaded intentionally. @ https://www.niagarapowertransformer.com/:0
[   54465ms] [WARNING] The resource https://www.niagarapowertransformer.com/wp-content/plugins/monarch/core/admin/fonts/modules.ttf was preloaded using link preload but not used within a few seconds from the window's load event. Please make sure it has an appropriate `as` value and it is preloaded intentionally. @ https://www.niagarapowertransformer.com/:0
[   67150ms] [WARNING] The resource https://www.niagarapowertransformer.com/wp-content/plugins/monarch/core/admin/fonts/modules.ttf was preloaded using link preload but not used within a few seconds from the window's load event. Please make sure it has an appropriate `as` value and it is preloaded intentionally. @ https://www.niagarapowertransformer.com/:0
[   78096ms] [WARNING] The resource https://www.niagarapowertransformer.com/wp-content/plugins/monarch/core/admin/fonts/modules.ttf was preloaded using link preload but not used within a few seconds from the window's load event. Please make sure it has an appropriate `as` value and it is preloaded intentionally. @ https://www.niagarapowertransformer.com/:0
[  127685ms] [WARNING] The resource https://www.niagarapowertransformer.com/wp-content/plugins/monarch/core/admin/fonts/modules.ttf was preloaded using link preload but not used within a few seconds from the window's load event. Please make sure it has an appropriate `as` value and it is preloaded intentionally. @ https://www.niagarapowertransformer.com/:0
